{"$type":"Issue","id":"2-1","idReadable":"PRJ-42","summary":"Fix login flow","description":"Steps:\n1. Reproduce.\n2. Fix.","created":1782914400000,"updated":1783245600000,"project":{"$type":"Project","id":"0-0","name":"Demo","shortName":"PRJ"},"reporter":{"$type":"User","id":"1-1","login":"alex","fullName":"Alex","email":"alex@example.com"},"updater":{"$type":"User","id":"1-1","login":"alex","fullName":"Alex"},"customFields":[{"$type":"EnumIssueCustomField","id":"4-1","name":"State","value":{"$type":"StateBundleElement","id":"5-1","name":"Open"}}],"tags":[{"$type":"Tag","id":"6-1","name":"backend"},{"$type":"Tag","id":"6-2","name":"auth"}],"commentsCount":2,"comments":[{"$type":"IssueComment","id":"7-1","text":"First comment text.","created":1782914700000,"author":{"$type":"User","id":"1-1","login":"alex","fullName":"Alex"}},{"$type":"IssueComment","id":"7-2","text":"Second comment text.","created":1783069200000,"author":{"$type":"User","id":"1-1","login":"ivan","fullName":"Ivan"}}]}
