[{"$type":"Issue","id":"2-1","idReadable":"PRJ-42","summary":"Fix login flow","created":1782864000000,"updated":1783296000000,"project":{"$type":"Project","id":"0-0","name":"Demo","shortName":"PRJ"},"reporter":{"$type":"User","id":"1-1","login":"alice","fullName":"Alice"},"customFields":[{"$type":"EnumIssueCustomField","id":"4-1","name":"State","value":{"$type":"StateBundleElement","id":"5-1","name":"Done"}}]},{"$type":"Issue","id":"2-2","idReadable":"PRJ-43","summary":"Add dark mode","created":1782914400000,"updated":1783069200000,"project":{"$type":"Project","id":"0-0","name":"Demo","shortName":"PRJ"},"reporter":{"$type":"User","id":"1-1","login":"bob","fullName":"Bob"},"customFields":[{"$type":"EnumIssueCustomField","id":"4-1","name":"State","value":{"$type":"StateBundleElement","id":"5-1","name":"Open"}}]}]
