{"$type":"SearchSuggestions","query":"has: ","suggestions":[{"$type":"Suggestion","option":"star","description":"by star","suffix":" ","group":"Commands"},{"$type":"Suggestion","option":"aggregate Duplicates","description":"by Duplicate","prefix":"{","suffix":"} ","group":"Commands"},{"$type":"Suggestion","option":"Demo project","description":"project DEMO","prefix":"#{","suffix":"} ","group":"Projects"}]}
